VCD info: dumpfile parity_generator/runs/simulation/parity_generator.vcd opened for output.
========================================
   PARITY GENERATOR TESTBENCH STARTED
========================================
PASS | Data = 00000000 | Parity = 0
PASS | Data = 00000001 | Parity = 1
PASS | Data = 00000010 | Parity = 1
PASS | Data = 00000011 | Parity = 0
PASS | Data = 00000100 | Parity = 1
PASS | Data = 00000101 | Parity = 0
PASS | Data = 00000110 | Parity = 0
PASS | Data = 00000111 | Parity = 1
PASS | Data = 00001000 | Parity = 1
PASS | Data = 00001001 | Parity = 0
PASS | Data = 00001010 | Parity = 0
PASS | Data = 00001011 | Parity = 1
PASS | Data = 00001100 | Parity = 0
PASS | Data = 00001101 | Parity = 1
PASS | Data = 00001110 | Parity = 1
PASS | Data = 00001111 | Parity = 0
PASS | Data = 00010000 | Parity = 1
PASS | Data = 00010001 | Parity = 0
PASS | Data = 00010010 | Parity = 0
PASS | Data = 00010011 | Parity = 1
PASS | Data = 00010100 | Parity = 0
PASS | Data = 00010101 | Parity = 1
PASS | Data = 00010110 | Parity = 1
PASS | Data = 00010111 | Parity = 0
PASS | Data = 00011000 | Parity = 0
PASS | Data = 00011001 | Parity = 1
PASS | Data = 00011010 | Parity = 1
PASS | Data = 00011011 | Parity = 0
PASS | Data = 00011100 | Parity = 1
PASS | Data = 00011101 | Parity = 0
PASS | Data = 00011110 | Parity = 0
PASS | Data = 00011111 | Parity = 1
PASS | Data = 00100000 | Parity = 1
PASS | Data = 00100001 | Parity = 0
PASS | Data = 00100010 | Parity = 0
PASS | Data = 00100011 | Parity = 1
PASS | Data = 00100100 | Parity = 0
PASS | Data = 00100101 | Parity = 1
PASS | Data = 00100110 | Parity = 1
PASS | Data = 00100111 | Parity = 0
PASS | Data = 00101000 | Parity = 0
PASS | Data = 00101001 | Parity = 1
PASS | Data = 00101010 | Parity = 1
PASS | Data = 00101011 | Parity = 0
PASS | Data = 00101100 | Parity = 1
PASS | Data = 00101101 | Parity = 0
PASS | Data = 00101110 | Parity = 0
PASS | Data = 00101111 | Parity = 1
PASS | Data = 00110000 | Parity = 0
PASS | Data = 00110001 | Parity = 1
PASS | Data = 00110010 | Parity = 1
PASS | Data = 00110011 | Parity = 0
PASS | Data = 00110100 | Parity = 1
PASS | Data = 00110101 | Parity = 0
PASS | Data = 00110110 | Parity = 0
PASS | Data = 00110111 | Parity = 1
PASS | Data = 00111000 | Parity = 1
PASS | Data = 00111001 | Parity = 0
PASS | Data = 00111010 | Parity = 0
PASS | Data = 00111011 | Parity = 1
PASS | Data = 00111100 | Parity = 0
PASS | Data = 00111101 | Parity = 1
PASS | Data = 00111110 | Parity = 1
PASS | Data = 00111111 | Parity = 0
PASS | Data = 01000000 | Parity = 1
PASS | Data = 01000001 | Parity = 0
PASS | Data = 01000010 | Parity = 0
PASS | Data = 01000011 | Parity = 1
PASS | Data = 01000100 | Parity = 0
PASS | Data = 01000101 | Parity = 1
PASS | Data = 01000110 | Parity = 1
PASS | Data = 01000111 | Parity = 0
PASS | Data = 01001000 | Parity = 0
PASS | Data = 01001001 | Parity = 1
PASS | Data = 01001010 | Parity = 1
PASS | Data = 01001011 | Parity = 0
PASS | Data = 01001100 | Parity = 1
PASS | Data = 01001101 | Parity = 0
PASS | Data = 01001110 | Parity = 0
PASS | Data = 01001111 | Parity = 1
PASS | Data = 01010000 | Parity = 0
PASS | Data = 01010001 | Parity = 1
PASS | Data = 01010010 | Parity = 1
PASS | Data = 01010011 | Parity = 0
PASS | Data = 01010100 | Parity = 1
PASS | Data = 01010101 | Parity = 0
PASS | Data = 01010110 | Parity = 0
PASS | Data = 01010111 | Parity = 1
PASS | Data = 01011000 | Parity = 1
PASS | Data = 01011001 | Parity = 0
PASS | Data = 01011010 | Parity = 0
PASS | Data = 01011011 | Parity = 1
PASS | Data = 01011100 | Parity = 0
PASS | Data = 01011101 | Parity = 1
PASS | Data = 01011110 | Parity = 1
PASS | Data = 01011111 | Parity = 0
PASS | Data = 01100000 | Parity = 0
PASS | Data = 01100001 | Parity = 1
PASS | Data = 01100010 | Parity = 1
PASS | Data = 01100011 | Parity = 0
PASS | Data = 01100100 | Parity = 1
PASS | Data = 01100101 | Parity = 0
PASS | Data = 01100110 | Parity = 0
PASS | Data = 01100111 | Parity = 1
PASS | Data = 01101000 | Parity = 1
PASS | Data = 01101001 | Parity = 0
PASS | Data = 01101010 | Parity = 0
PASS | Data = 01101011 | Parity = 1
PASS | Data = 01101100 | Parity = 0
PASS | Data = 01101101 | Parity = 1
PASS | Data = 01101110 | Parity = 1
PASS | Data = 01101111 | Parity = 0
PASS | Data = 01110000 | Parity = 1
PASS | Data = 01110001 | Parity = 0
PASS | Data = 01110010 | Parity = 0
PASS | Data = 01110011 | Parity = 1
PASS | Data = 01110100 | Parity = 0
PASS | Data = 01110101 | Parity = 1
PASS | Data = 01110110 | Parity = 1
PASS | Data = 01110111 | Parity = 0
PASS | Data = 01111000 | Parity = 0
PASS | Data = 01111001 | Parity = 1
PASS | Data = 01111010 | Parity = 1
PASS | Data = 01111011 | Parity = 0
PASS | Data = 01111100 | Parity = 1
PASS | Data = 01111101 | Parity = 0
PASS | Data = 01111110 | Parity = 0
PASS | Data = 01111111 | Parity = 1
PASS | Data = 10000000 | Parity = 1
PASS | Data = 10000001 | Parity = 0
PASS | Data = 10000010 | Parity = 0
PASS | Data = 10000011 | Parity = 1
PASS | Data = 10000100 | Parity = 0
PASS | Data = 10000101 | Parity = 1
PASS | Data = 10000110 | Parity = 1
PASS | Data = 10000111 | Parity = 0
PASS | Data = 10001000 | Parity = 0
PASS | Data = 10001001 | Parity = 1
PASS | Data = 10001010 | Parity = 1
PASS | Data = 10001011 | Parity = 0
PASS | Data = 10001100 | Parity = 1
PASS | Data = 10001101 | Parity = 0
PASS | Data = 10001110 | Parity = 0
PASS | Data = 10001111 | Parity = 1
PASS | Data = 10010000 | Parity = 0
PASS | Data = 10010001 | Parity = 1
PASS | Data = 10010010 | Parity = 1
PASS | Data = 10010011 | Parity = 0
PASS | Data = 10010100 | Parity = 1
PASS | Data = 10010101 | Parity = 0
PASS | Data = 10010110 | Parity = 0
PASS | Data = 10010111 | Parity = 1
PASS | Data = 10011000 | Parity = 1
PASS | Data = 10011001 | Parity = 0
PASS | Data = 10011010 | Parity = 0
PASS | Data = 10011011 | Parity = 1
PASS | Data = 10011100 | Parity = 0
PASS | Data = 10011101 | Parity = 1
PASS | Data = 10011110 | Parity = 1
PASS | Data = 10011111 | Parity = 0
PASS | Data = 10100000 | Parity = 0
PASS | Data = 10100001 | Parity = 1
PASS | Data = 10100010 | Parity = 1
PASS | Data = 10100011 | Parity = 0
PASS | Data = 10100100 | Parity = 1
PASS | Data = 10100101 | Parity = 0
PASS | Data = 10100110 | Parity = 0
PASS | Data = 10100111 | Parity = 1
PASS | Data = 10101000 | Parity = 1
PASS | Data = 10101001 | Parity = 0
PASS | Data = 10101010 | Parity = 0
PASS | Data = 10101011 | Parity = 1
PASS | Data = 10101100 | Parity = 0
PASS | Data = 10101101 | Parity = 1
PASS | Data = 10101110 | Parity = 1
PASS | Data = 10101111 | Parity = 0
PASS | Data = 10110000 | Parity = 1
PASS | Data = 10110001 | Parity = 0
PASS | Data = 10110010 | Parity = 0
PASS | Data = 10110011 | Parity = 1
PASS | Data = 10110100 | Parity = 0
PASS | Data = 10110101 | Parity = 1
PASS | Data = 10110110 | Parity = 1
PASS | Data = 10110111 | Parity = 0
PASS | Data = 10111000 | Parity = 0
PASS | Data = 10111001 | Parity = 1
PASS | Data = 10111010 | Parity = 1
PASS | Data = 10111011 | Parity = 0
PASS | Data = 10111100 | Parity = 1
PASS | Data = 10111101 | Parity = 0
PASS | Data = 10111110 | Parity = 0
PASS | Data = 10111111 | Parity = 1
PASS | Data = 11000000 | Parity = 0
PASS | Data = 11000001 | Parity = 1
PASS | Data = 11000010 | Parity = 1
PASS | Data = 11000011 | Parity = 0
PASS | Data = 11000100 | Parity = 1
PASS | Data = 11000101 | Parity = 0
PASS | Data = 11000110 | Parity = 0
PASS | Data = 11000111 | Parity = 1
PASS | Data = 11001000 | Parity = 1
PASS | Data = 11001001 | Parity = 0
PASS | Data = 11001010 | Parity = 0
PASS | Data = 11001011 | Parity = 1
PASS | Data = 11001100 | Parity = 0
PASS | Data = 11001101 | Parity = 1
PASS | Data = 11001110 | Parity = 1
PASS | Data = 11001111 | Parity = 0
PASS | Data = 11010000 | Parity = 1
PASS | Data = 11010001 | Parity = 0
PASS | Data = 11010010 | Parity = 0
PASS | Data = 11010011 | Parity = 1
PASS | Data = 11010100 | Parity = 0
PASS | Data = 11010101 | Parity = 1
PASS | Data = 11010110 | Parity = 1
PASS | Data = 11010111 | Parity = 0
PASS | Data = 11011000 | Parity = 0
PASS | Data = 11011001 | Parity = 1
PASS | Data = 11011010 | Parity = 1
PASS | Data = 11011011 | Parity = 0
PASS | Data = 11011100 | Parity = 1
PASS | Data = 11011101 | Parity = 0
PASS | Data = 11011110 | Parity = 0
PASS | Data = 11011111 | Parity = 1
PASS | Data = 11100000 | Parity = 1
PASS | Data = 11100001 | Parity = 0
PASS | Data = 11100010 | Parity = 0
PASS | Data = 11100011 | Parity = 1
PASS | Data = 11100100 | Parity = 0
PASS | Data = 11100101 | Parity = 1
PASS | Data = 11100110 | Parity = 1
PASS | Data = 11100111 | Parity = 0
PASS | Data = 11101000 | Parity = 0
PASS | Data = 11101001 | Parity = 1
PASS | Data = 11101010 | Parity = 1
PASS | Data = 11101011 | Parity = 0
PASS | Data = 11101100 | Parity = 1
PASS | Data = 11101101 | Parity = 0
PASS | Data = 11101110 | Parity = 0
PASS | Data = 11101111 | Parity = 1
PASS | Data = 11110000 | Parity = 0
PASS | Data = 11110001 | Parity = 1
PASS | Data = 11110010 | Parity = 1
PASS | Data = 11110011 | Parity = 0
PASS | Data = 11110100 | Parity = 1
PASS | Data = 11110101 | Parity = 0
PASS | Data = 11110110 | Parity = 0
PASS | Data = 11110111 | Parity = 1
PASS | Data = 11111000 | Parity = 1
PASS | Data = 11111001 | Parity = 0
PASS | Data = 11111010 | Parity = 0
PASS | Data = 11111011 | Parity = 1
PASS | Data = 11111100 | Parity = 0
PASS | Data = 11111101 | Parity = 1
PASS | Data = 11111110 | Parity = 1
PASS | Data = 11111111 | Parity = 0
========================================
        SIMULATION SUMMARY
========================================
Total Test Cases = 256
Passed           = 256
Failed           = 0
========================================
RESULT: ALL TEST CASES PASSED!
========================================
parity_generator/tb.sv:100: $finish called at 2560000 (1ps)
